warning: Git tree '/home/daniel/Documents/projects/repos-personal/nix-config' is dirty
🚀 ℹ️ [deploy] [[38;5;51mINFO[0m] Evaluating flake in .
warning: Git tree '/home/daniel/Documents/projects/repos-personal/nix-config' is dirty
🚀 ℹ️ [deploy] [[38;5;51mINFO[0m] The following profiles are going to be deployed:
[hetzner-vps.system]
user = "root"
ssh_user = "root"
path = "/nix/store/zbjjpa5cpahh9bngq3iq8m9825awjfxf-activatable-nixos-system-hetzner-vps-25.11.20251112.c5ae371"
hostname = "5.161.110.156"
ssh_opts = []

🚀 ℹ️ [deploy] [[38;5;51mINFO[0m] Building profile `system` for node `hetzner-vps`
these 13 derivations will be built:
  /nix/store/00pha604g0ididq9fhkdp4aw3nqjqmvm-hm-dconf.ini.drv
  /nix/store/fbsls124fvyyrj6bw5j9i95pghx72qn6-stylix-kde-theme.drv
  /nix/store/1i079nsif18v9xw5n2z3wmlknyxy2zim-home-manager-path.drv
  /nix/store/qj8dgr2wvyhgbnja53lp78lf0x4zdqyh-stylix-kde-apply-plasma-theme.drv
  /nix/store/c1x8030aq94p4172h6vybyxd0i33kq0b-activation-script.drv
  /nix/store/rsi1rbrxyj1fqss1i3dnk7679nnazj4m-hm_autostartstylixactivatekde.desktop.drv
  /nix/store/n72d0bpkkmjzb16xzqibagcig8iah7rs-home-manager-files.drv
  /nix/store/ibh1z1znc4zf5jmrck5gvw692klww5qp-home-manager-generation.drv
  /nix/store/y9ajhk9211iafm4l795jiiwqx8zfdp1z-unit-home-manager-daniel.service.drv
  /nix/store/xyc24klg6pg977lbzfh443dbvg7iam1p-system-units.drv
  /nix/store/4h0v3a051j0kf9cix03l95fvf6cdkm88-etc.drv
  /nix/store/hj3mj5mivwhan4a7ypjjm8pl41w1g9a3-nixos-system-hetzner-vps-25.11.20251112.c5ae371.drv
  /nix/store/9yvmjfv059wi5zb0v8zzs93y0rj7hhyf-activatable-nixos-system-hetzner-vps-25.11.20251112.c5ae371.drv
building '/nix/store/00pha604g0ididq9fhkdp4aw3nqjqmvm-hm-dconf.ini.drv'...
building '/nix/store/fbsls124fvyyrj6bw5j9i95pghx72qn6-stylix-kde-theme.drv'...
building '/nix/store/1i079nsif18v9xw5n2z3wmlknyxy2zim-home-manager-path.drv'...
building '/nix/store/qj8dgr2wvyhgbnja53lp78lf0x4zdqyh-stylix-kde-apply-plasma-theme.drv'...
building '/nix/store/rsi1rbrxyj1fqss1i3dnk7679nnazj4m-hm_autostartstylixactivatekde.desktop.drv'...
building '/nix/store/n72d0bpkkmjzb16xzqibagcig8iah7rs-home-manager-files.drv'...
building '/nix/store/c1x8030aq94p4172h6vybyxd0i33kq0b-activation-script.drv'...
building '/nix/store/ibh1z1znc4zf5jmrck5gvw692klww5qp-home-manager-generation.drv'...
building '/nix/store/y9ajhk9211iafm4l795jiiwqx8zfdp1z-unit-home-manager-daniel.service.drv'...
building '/nix/store/xyc24klg6pg977lbzfh443dbvg7iam1p-system-units.drv'...
building '/nix/store/4h0v3a051j0kf9cix03l95fvf6cdkm88-etc.drv'...
building '/nix/store/hj3mj5mivwhan4a7ypjjm8pl41w1g9a3-nixos-system-hetzner-vps-25.11.20251112.c5ae371.drv'...
building '/nix/store/9yvmjfv059wi5zb0v8zzs93y0rj7hhyf-activatable-nixos-system-hetzner-vps-25.11.20251112.c5ae371.drv'...
🚀 ℹ️ [deploy] [[38;5;51mINFO[0m] Copying profile `system` to node `hetzner-vps`
copying 13 paths...
copying path '/nix/store/2ps44jcqvlv7bqpdvxiaz863ypnkp3bi-source' to 'ssh://root@5.161.110.156'...
copying path '/nix/store/fjwd3qy6sybhis97kj2p4sns8ww4y32p-stylix-kde-theme' to 'ssh://root@5.161.110.156'...
copying path '/nix/store/dm286agpzjcncb6ahfnc6kvnp9kmnk1j-hm-dconf.ini' to 'ssh://root@5.161.110.156'...
copying path '/nix/store/skwz3z5j3a3hcxm6b0s9jvwg7h0m2qsd-stylix-kde-apply-plasma-theme' to 'ssh://root@5.161.110.156'...
copying path '/nix/store/nqn3qphdzb832gg9x6w57lls7jgbp178-home-manager-path' to 'ssh://root@5.161.110.156'...
copying path '/nix/store/0ci7nwhi72ygbvwmb95fsbvm0pig08wq-hm_autostartstylixactivatekde.desktop' to 'ssh://root@5.161.110.156'...
copying path '/nix/store/f9f96vj0x5ap5b8k34kxrxpxbjkw8020-home-manager-files' to 'ssh://root@5.161.110.156'...
copying path '/nix/store/cjqkvilv92m67k3lj2z01jiz4jlkd4sr-home-manager-generation' to 'ssh://root@5.161.110.156'...
copying path '/nix/store/yrbqcs4f4sp5x37mmd8xlq3qhg3y3wrc-unit-home-manager-daniel.service' to 'ssh://root@5.161.110.156'...
copying path '/nix/store/rdaaz42qrdhvvfdmk86840lv2n15xd1n-system-units' to 'ssh://root@5.161.110.156'...
copying path '/nix/store/dmpmpwfcqygikw8iqzz0bd7jrm6dyr19-etc' to 'ssh://root@5.161.110.156'...
copying path '/nix/store/7ja5ix765vz1gi5q5mkwfpnnwq59jdy2-nixos-system-hetzner-vps-25.11.20251112.c5ae371' to 'ssh://root@5.161.110.156'...
copying path '/nix/store/zbjjpa5cpahh9bngq3iq8m9825awjfxf-activatable-nixos-system-hetzner-vps-25.11.20251112.c5ae371' to 'ssh://root@5.161.110.156'...
🚀 ℹ️ [deploy] [[38;5;51mINFO[0m] Activating profile `system` for node `hetzner-vps`
🚀 ℹ️ [deploy] [[38;5;51mINFO[0m] Creating activation waiter
⭐ ℹ️ [activate] [[38;5;51mINFO[0m] Activating profile
👀 ℹ️ [wait] [[38;5;51mINFO[0m] Waiting for confirmation event...
updating GRUB 2 menu...
activating the configuration...
sops-install-secrets: Imported /etc/ssh/ssh_host_ed25519_key as age key with fingerprint age14xrm4e4gftuynrx5r2cgqa89y5peqe84k776z6raz0flxu83eups43z52k
sops-install-secrets: Imported /etc/ssh/ssh_host_ed25519_key as age key with fingerprint age14xrm4e4gftuynrx5r2cgqa89y5peqe84k776z6raz0flxu83eups43z52k
reloading user units for root...
restarting sysinit-reactivation.target
warning: the following units failed: home-manager-daniel.service
⭐ ⚠️ [activate] [[38;5;208mWARN[0m] De-activating due to error
switching profile from version 2 to 1
⭐ ⚠️ [activate] [[38;5;208mWARN[0m] Removing generation by ID 2
removing profile version 2
⭐ ℹ️ [activate] [[38;5;51mINFO[0m] Attempting to re-activate the last generation
⭐ ❌ [activate] [[38;5;196mERROR[0m] There was an error de-activating after an error was encountered: Failed to run command for re-activating the last generation: No such file or directory (os error 2)
🚀 ❌ [deploy] [[38;5;196mERROR[0m] Activating over SSH resulted in a bad exit code: Some(1)
🚀 ℹ️ [deploy] [[38;5;51mINFO[0m] Revoking previous deploys
🚀 ❌ [deploy] [[38;5;196mERROR[0m] Deployment to node hetzner-vps failed, rolled back to previous generation
error: Recipe `apply` failed with exit code 1
👀 ❌ [wait] [[38;5;196mERROR[0m] Error waiting for activation: Timeout elapsed for confirmation
