warning: Git tree '/home/daniel/Documents/projects/repos-personal/nix-config' is dirty
🚀 ℹ️ [deploy] [[38;5;51mINFO[0m] Evaluating flake in .
warning: Git tree '/home/daniel/Documents/projects/repos-personal/nix-config' is dirty
🚀 ℹ️ [deploy] [[38;5;51mINFO[0m] The following profiles are going to be deployed:
[server.system]
user = "root"
ssh_user = "root"
path = "/nix/store/4cpl8jsz95lbzz0i9k773lj96fnnnhbq-activatable-nixos-system-server-25.11.20251112.c5ae371"
hostname = "192.168.1.152"
ssh_opts = []

🚀 ℹ️ [deploy] [[38;5;51mINFO[0m] Building profile `system` for node `server`
these 16 derivations will be built:
  /nix/store/i0wbmcy4z2yg8di7qvmdkyxjv97a1ml9-stylix-kde-theme.drv
  /nix/store/04v1pzivbl5w4j9i6vxkxbs5cfsvx939-home-manager-path.drv
  /nix/store/1iqiiwmn8yh6bgx7a6hsrpnahjfnw3q6-stylix-kde-apply-plasma-theme.drv
  /nix/store/r2c0yi6xyr1i18x3nax120liaijkx1ml-hm_autostartstylixactivatekde.desktop.drv
  /nix/store/7ch7wgkszfy2hwaac3b273xpxxspcwq7-home-manager-files.drv
  /nix/store/82ixswj9lz1aycglxb37mcq1jrl8l51x-hm-dconf.ini.drv
  /nix/store/r4p1z6qjsbryagjzrx81rycr4wm74lp4-activation-script.drv
  /nix/store/xz9svliynjsqikcr28vjyyhj6hwq64d4-home-manager-generation.drv
  /nix/store/6kps5gwd50fyskm5p73sfkg3qw8h9526-unit-home-manager-daniel.service.drv
  /nix/store/6p8pzswp33pfxgd9wrpf4br0lapdf1ra-etc-pam-environment.drv
  /nix/store/cykcv8hi4zk2vi45h3b12lzab3scskia-system-units.drv
  /nix/store/jc0l70a632p6spxmnpzmyk0x6sxvvlzw-set-environment.drv
  /nix/store/kxis98cpw3xcjwcsh27kkilgz9bgch9q-etc-profile.drv
  /nix/store/cd87igkqhz38rbzjr25vsnjn3v64pnz7-etc.drv
  /nix/store/vbcg7jwcy7gn54dg004b6csiyh9ncd47-nixos-system-server-25.11.20251112.c5ae371.drv
  /nix/store/h0qsqfvhgsrwdjs7hry41n370gqmivxh-activatable-nixos-system-server-25.11.20251112.c5ae371.drv
building '/nix/store/6p8pzswp33pfxgd9wrpf4br0lapdf1ra-etc-pam-environment.drv'...
building '/nix/store/jc0l70a632p6spxmnpzmyk0x6sxvvlzw-set-environment.drv'...
building '/nix/store/82ixswj9lz1aycglxb37mcq1jrl8l51x-hm-dconf.ini.drv'...
building '/nix/store/i0wbmcy4z2yg8di7qvmdkyxjv97a1ml9-stylix-kde-theme.drv'...
building '/nix/store/kxis98cpw3xcjwcsh27kkilgz9bgch9q-etc-profile.drv'...
building '/nix/store/04v1pzivbl5w4j9i6vxkxbs5cfsvx939-home-manager-path.drv'...
building '/nix/store/1iqiiwmn8yh6bgx7a6hsrpnahjfnw3q6-stylix-kde-apply-plasma-theme.drv'...
building '/nix/store/r2c0yi6xyr1i18x3nax120liaijkx1ml-hm_autostartstylixactivatekde.desktop.drv'...
building '/nix/store/7ch7wgkszfy2hwaac3b273xpxxspcwq7-home-manager-files.drv'...
building '/nix/store/r4p1z6qjsbryagjzrx81rycr4wm74lp4-activation-script.drv'...
building '/nix/store/xz9svliynjsqikcr28vjyyhj6hwq64d4-home-manager-generation.drv'...
building '/nix/store/6kps5gwd50fyskm5p73sfkg3qw8h9526-unit-home-manager-daniel.service.drv'...
building '/nix/store/cykcv8hi4zk2vi45h3b12lzab3scskia-system-units.drv'...
building '/nix/store/cd87igkqhz38rbzjr25vsnjn3v64pnz7-etc.drv'...
building '/nix/store/vbcg7jwcy7gn54dg004b6csiyh9ncd47-nixos-system-server-25.11.20251112.c5ae371.drv'...
building '/nix/store/h0qsqfvhgsrwdjs7hry41n370gqmivxh-activatable-nixos-system-server-25.11.20251112.c5ae371.drv'...
🚀 ℹ️ [deploy] [[38;5;51mINFO[0m] Copying profile `system` to node `server`
copying 0 paths...
🚀 ℹ️ [deploy] [[38;5;51mINFO[0m] Activating profile `system` for node `server`
🚀 ℹ️ [deploy] [[38;5;51mINFO[0m] Creating activation waiter
⭐ ℹ️ [activate] [[38;5;51mINFO[0m] Activating profile
👀 ℹ️ [wait] [[38;5;51mINFO[0m] Waiting for confirmation event...
activating the configuration...
sops-install-secrets: Imported /etc/ssh/ssh_host_rsa_key as GPG key with fingerprint 81a9c542e3a8026681bb144f140d69e8f0367bb2
sops-install-secrets: Imported /etc/ssh/ssh_host_ed25519_key as age key with fingerprint age1r97rw4wxhy72na03au087jcxmxh3r2cswxj4eds7fpauhhq8xvrqmlwgyp
setting up /etc...
sops-install-secrets: Imported /etc/ssh/ssh_host_rsa_key as GPG key with fingerprint 81a9c542e3a8026681bb144f140d69e8f0367bb2
sops-install-secrets: Imported /etc/ssh/ssh_host_ed25519_key as age key with fingerprint age1r97rw4wxhy72na03au087jcxmxh3r2cswxj4eds7fpauhhq8xvrqmlwgyp
reloading user units for daniel...
reloading user units for root...
restarting sysinit-reactivation.target
⭐ ℹ️ [activate] [[38;5;51mINFO[0m] Activation succeeded!
⭐ ℹ️ [activate] [[38;5;51mINFO[0m] Magic rollback is enabled, setting up confirmation hook...
👀 ℹ️ [wait] [[38;5;51mINFO[0m] Found canary file, done waiting!
⭐ ℹ️ [activate] [[38;5;51mINFO[0m] Waiting for confirmation event...
🚀 ℹ️ [deploy] [[38;5;51mINFO[0m] Success activating, attempting to confirm activation
🚀 ℹ️ [deploy] [[38;5;51mINFO[0m] Deployment confirmed.
warning: Git tree '/home/daniel/Documents/projects/repos-personal/nix-config' is dirty
warning: Git tree '/home/daniel/Documents/projects/repos-personal/nix-config' is dirty
🚀 ℹ️ [deploy] [[38;5;51mINFO[0m] Evaluating flake in .
🚀 ℹ️ [deploy] [[38;5;51mINFO[0m] Evaluating flake in .
warning: Git tree '/home/daniel/Documents/projects/repos-personal/nix-config' is dirty
warning: Git tree '/home/daniel/Documents/projects/repos-personal/nix-config' is dirty
warning: Git tree '/home/daniel/Documents/projects/repos-personal/nix-config' is dirty
🚀 ℹ️ [deploy] [[38;5;51mINFO[0m] Evaluating flake in .
warning: Git tree '/home/daniel/Documents/projects/repos-personal/nix-config' is dirty
🚀 ℹ️ [deploy] [[38;5;51mINFO[0m] The following profiles are going to be deployed:
[server.system]
user = "root"
ssh_user = "root"
path = "/nix/store/vlpy32377fg755cqyw0klpkaymp2glqy-activatable-nixos-system-server-25.11.20251112.c5ae371"
hostname = "192.168.1.152"
ssh_opts = []

🚀 ℹ️ [deploy] [[38;5;51mINFO[0m] Building profile `system` for node `server`
these 16 derivations will be built:
  /nix/store/w8w1r3yqdngvax7jwrkgxcaya8rsbdz4-stylix-kde-theme.drv
  /nix/store/bn71mzm6ww52a8h7qs69w137wr71ddsg-stylix-kde-apply-plasma-theme.drv
  /nix/store/ingjrgiyw165hwa483crjvk2jhid7c1i-hm_autostartstylixactivatekde.desktop.drv
  /nix/store/15rxn41189qvgg4pv7y3cv0bsikzk0bz-home-manager-files.drv
  /nix/store/c59c22x7hklxwlgfjr95nh886dcyri9n-home-manager-path.drv
  /nix/store/y5rkjc5n1sr2nbvr4szjkr9iv23ipwsl-hm-dconf.ini.drv
  /nix/store/braq2dw247dijrrghyc8jzqrapnnzk3l-activation-script.drv
  /nix/store/18qkh0qzm140zbc0q06jkyxck99chqa6-home-manager-generation.drv
  /nix/store/9wc1wyjqsnnh1g1sg37j5l4wjcqbilnn-unit-home-manager-daniel.service.drv
  /nix/store/g8kf4vplm7zza6j044gld3iqwm8cf7ya-system-units.drv
  /nix/store/x74nczr441mqqpmjhrbgz78zrczbjmy1-set-environment.drv
  /nix/store/n5mj1dwh650la3yhkz996llax2xn8dzy-etc-profile.drv
  /nix/store/sdj174plvxn9qh4s7v3zmhgvszsjzpbf-etc-pam-environment.drv
  /nix/store/mdh16bkki5jmpch0h3kskw5a3m9r2p6b-etc.drv
  /nix/store/i20fa3a8ij50ram0fr3isf6cvgnsddxp-nixos-system-server-25.11.20251112.c5ae371.drv
  /nix/store/js476vb20i8bgmn830f69h9jwc4gxah1-activatable-nixos-system-server-25.11.20251112.c5ae371.drv
building '/nix/store/sdj174plvxn9qh4s7v3zmhgvszsjzpbf-etc-pam-environment.drv'...
building '/nix/store/x74nczr441mqqpmjhrbgz78zrczbjmy1-set-environment.drv'...
building '/nix/store/y5rkjc5n1sr2nbvr4szjkr9iv23ipwsl-hm-dconf.ini.drv'...
building '/nix/store/w8w1r3yqdngvax7jwrkgxcaya8rsbdz4-stylix-kde-theme.drv'...
building '/nix/store/n5mj1dwh650la3yhkz996llax2xn8dzy-etc-profile.drv'...
building '/nix/store/c59c22x7hklxwlgfjr95nh886dcyri9n-home-manager-path.drv'...
building '/nix/store/bn71mzm6ww52a8h7qs69w137wr71ddsg-stylix-kde-apply-plasma-theme.drv'...
building '/nix/store/ingjrgiyw165hwa483crjvk2jhid7c1i-hm_autostartstylixactivatekde.desktop.drv'...
building '/nix/store/15rxn41189qvgg4pv7y3cv0bsikzk0bz-home-manager-files.drv'...
building '/nix/store/braq2dw247dijrrghyc8jzqrapnnzk3l-activation-script.drv'...
building '/nix/store/18qkh0qzm140zbc0q06jkyxck99chqa6-home-manager-generation.drv'...
building '/nix/store/9wc1wyjqsnnh1g1sg37j5l4wjcqbilnn-unit-home-manager-daniel.service.drv'...
building '/nix/store/g8kf4vplm7zza6j044gld3iqwm8cf7ya-system-units.drv'...
building '/nix/store/mdh16bkki5jmpch0h3kskw5a3m9r2p6b-etc.drv'...
building '/nix/store/i20fa3a8ij50ram0fr3isf6cvgnsddxp-nixos-system-server-25.11.20251112.c5ae371.drv'...
building '/nix/store/js476vb20i8bgmn830f69h9jwc4gxah1-activatable-nixos-system-server-25.11.20251112.c5ae371.drv'...
🚀 ℹ️ [deploy] [[38;5;51mINFO[0m] Copying profile `system` to node `server`
copying 0 paths...
🚀 ℹ️ [deploy] [[38;5;51mINFO[0m] Activating profile `system` for node `server`
🚀 ℹ️ [deploy] [[38;5;51mINFO[0m] Creating activation waiter
👀 ℹ️ [wait] [[38;5;51mINFO[0m] Waiting for confirmation event...
⭐ ℹ️ [activate] [[38;5;51mINFO[0m] Activating profile
activating the configuration...
sops-install-secrets: Imported /etc/ssh/ssh_host_rsa_key as GPG key with fingerprint 81a9c542e3a8026681bb144f140d69e8f0367bb2
sops-install-secrets: Imported /etc/ssh/ssh_host_ed25519_key as age key with fingerprint age1r97rw4wxhy72na03au087jcxmxh3r2cswxj4eds7fpauhhq8xvrqmlwgyp
setting up /etc...
sops-install-secrets: Imported /etc/ssh/ssh_host_rsa_key as GPG key with fingerprint 81a9c542e3a8026681bb144f140d69e8f0367bb2
sops-install-secrets: Imported /etc/ssh/ssh_host_ed25519_key as age key with fingerprint age1r97rw4wxhy72na03au087jcxmxh3r2cswxj4eds7fpauhhq8xvrqmlwgyp
reloading user units for daniel...
reloading user units for root...
restarting sysinit-reactivation.target
⭐ ℹ️ [activate] [[38;5;51mINFO[0m] Activation succeeded!
⭐ ℹ️ [activate] [[38;5;51mINFO[0m] Magic rollback is enabled, setting up confirmation hook...
👀 ℹ️ [wait] [[38;5;51mINFO[0m] Found canary file, done waiting!
⭐ ℹ️ [activate] [[38;5;51mINFO[0m] Waiting for confirmation event...
🚀 ℹ️ [deploy] [[38;5;51mINFO[0m] Success activating, attempting to confirm activation
🚀 ℹ️ [deploy] [[38;5;51mINFO[0m] Deployment confirmed.
