error: flake 'git+file:///home/daniel/Downloads/nix-config' does not provide attribute 'packages.x86_64-linux.cutom-kexec', 'legacyPackages.x86_64-linux.cutom-kexec' or 'cutom-kexec'
       Did you mean custom-kexec?
these 13 derivations will be built:
  /nix/store/bimamngq9snjd78y2adf4ddnpzkd1srr-root-authorized_keys.drv
  /nix/store/n2zslh72c3srmya8m79vrg7ada2pz0hf-etc-systemd-logind.conf.drv
  /nix/store/lzak815h8rh9f1ji69dfyvdx1psha9pr-etc-json.drv
  /nix/store/5k4cx0aijbg5v2b9h3cn3gnz5kdby4rg-etc-dump.drv
  /nix/store/9x3g54sn1ac9vk6xh8dv8vbqhyc3j9pq-etc-metadata.erofs.drv
  /nix/store/hqfr5zb2jl4wg3qysk8a90hn9az0kyz5-etc.drv
  /nix/store/knbgsp73bi2k39205i79zd5h4f73b8x8-etc-lowerdir.drv
  /nix/store/7rwpqsj88a4zf5nk1kfxii2wzkx7hgqy-nixos-system-nixos-installer-kexec-25.11pre-git.drv
  /nix/store/8qhfld6qgx7nv263gj5cdj5m7cqcxqhf-closure-info.drv
  /nix/store/5j9ky21w805jdysh6d2fp6p3ab1d63ap-squashfs.img.drv
  /nix/store/3v35nh28qk1gi7ava5fxqqvvhb23vmkx-initrd.drv
  /nix/store/9lac4rlpf5yxdxl3p1bixypkqxxwv3hm-kexec-run.drv
  /nix/store/2bb8nbq5r7j0h2wvzbix160bwsz0prdm-kexec-tarball.drv
building '/nix/store/n2zslh72c3srmya8m79vrg7ada2pz0hf-etc-systemd-logind.conf.drv'...
building '/nix/store/bimamngq9snjd78y2adf4ddnpzkd1srr-root-authorized_keys.drv'...
building '/nix/store/lzak815h8rh9f1ji69dfyvdx1psha9pr-etc-json.drv'...
building '/nix/store/knbgsp73bi2k39205i79zd5h4f73b8x8-etc-lowerdir.drv'...
building '/nix/store/hqfr5zb2jl4wg3qysk8a90hn9az0kyz5-etc.drv'...
building '/nix/store/5k4cx0aijbg5v2b9h3cn3gnz5kdby4rg-etc-dump.drv'...
building '/nix/store/9x3g54sn1ac9vk6xh8dv8vbqhyc3j9pq-etc-metadata.erofs.drv'...
building '/nix/store/7rwpqsj88a4zf5nk1kfxii2wzkx7hgqy-nixos-system-nixos-installer-kexec-25.11pre-git.drv'...
building '/nix/store/8qhfld6qgx7nv263gj5cdj5m7cqcxqhf-closure-info.drv'...
building '/nix/store/9lac4rlpf5yxdxl3p1bixypkqxxwv3hm-kexec-run.drv'...
building '/nix/store/5j9ky21w805jdysh6d2fp6p3ab1d63ap-squashfs.img.drv'...
building '/nix/store/3v35nh28qk1gi7ava5fxqqvvhb23vmkx-initrd.drv'...
building '/nix/store/2bb8nbq5r7j0h2wvzbix160bwsz0prdm-kexec-tarball.drv'...
